// Jest Snapshot v1, https://goo.gl/fbAQLP

exports[`EngLoginForm matches the snapshot 1`] = `ShallowWrapper {}`;

exports[`EngLoginForm should render correctly in "debug" mode 1`] = `ShallowWrapper {}`;

exports[`EngLoginForm should render correctly with boolean prop 1`] = `ShallowWrapper {}`;

exports[`EngLoginForm should render correctly with no props 1`] = `ShallowWrapper {}`;

exports[`EngUserDropdown matches the snapshot 1`] = `ShallowWrapper {}`;
